// Jest Snapshot v1, https://goo.gl/fbAQLP

exports[`pruebas CounterApp debe de hacer match con el snapshopt 1`] = `
<div>
  <h1>
     Counter App 
  </h1>
  <h2>
     
    100
     
  </h2>
  <h3>
     
    100
     
  </h3>
  <button>
     +1 
  </button>
  <button>
     -1 
  </button>
  <button>
     reset 
  </button>
</div>
`;
