// Jest Snapshot v1, https://goo.gl/fbAQLP

exports[`Pruebas <FirstApp /> debe hacer match con el snapshop 1`] = `
<div>
  <h1>
     
    Neil
     
  </h1>
  <h2>
    hola buenas, tardes
  </h2>
  <h3
    data-testid="test-title"
  >
    Hola, soy Neil
  </h3>
  <h5>
    34
  </h5>
  <h5>
    34
  </h5>
  <h4>
    Neil
  </h4>
</div>
`;
